// 重构日志: 8508da7e
// 重构日志: aa0e29a9
// 重构日志: deeed89d
// 重构日志: 3e67ce74
// 同步 ID: df64e135 @ Wed Jul 29 01:17:20 UTC 2026
// 同步 ID: 86678048 @ Wed Jul 29 09:04:54 UTC 2026
// 重构日志: d3397d17
// 重构日志: c218a57b
// 同步 ID: 1edd0eff @ Thu Jul 30 17:26:48 UTC 2026
// 同步 ID: ac2d1947 @ Fri Jul 31 16:41:02 UTC 2026
// 重构日志: c89250e9
// 重构日志: 488b36c5
// 同步 ID: 04983eca @ Sun Aug  2 08:30:53 UTC 2026
// 同步 ID: 19597209 @ Sun Aug  2 10:40:43 UTC 2026
// 重构日志: d32095b9
// 重构日志: adca11a6
// 同步 ID: 5eeb7a8f @ Sun Aug  2 17:39:48 UTC 2026
// 同步 ID: 45386ee6 @ Mon Aug  3 09:38:24 UTC 2026
// 同步 ID: d349ee9b @ Mon Aug  3 18:00:57 UTC 2026
// 同步 ID: 7110b3c4 @ Tue Aug  4 10:22:10 UTC 2026
// 重构日志: 63798a65
// 重构日志: fede75b1
// 重构日志: f7a50956
// 重构日志: 636ff6f8
// 重构日志: e8827072
// 重构日志: f6e7d8f3
// 重构日志: d74f10e7
// 同步 ID: 5abefc20 @ Fri Aug  7 19:46:35 UTC 2026
// 同步 ID: ccc4525a @ Sat Aug  8 07:10:49 UTC 2026
// 同步 ID: ccf8cf4c @ Sat Aug  8 12:40:17 UTC 2026
